Windows PowerShell
Copyright (C) Microsoft Corporation. All rights reserved.

Install the latest PowerShell for new features and improvements! https://aka.ms/PSWindows

PS D:\Multiple Remotes> git init
Initialized empty Git repository in D:/Multiple Remotes/.git/
PS D:\Multiple Remotes> git add .
PS D:\Multiple Remotes> git commit -m "Initial Commit"
[master (root-commit) 4430e70] Initial Commit
 1 file changed, 12 insertions(+)
 create mode 100644 index.html
PS D:\Multiple Remotes> git remote add origin git@github.com:edudelearn/Multx.git
PS D:\Multiple Remotes> git push -u origin master
Enumerating objects: 3, done.
Counting objects: 100% (3/3), done.
Delta compression using up to 8 threads
Compressing objects: 100% (2/2), done.
Writing objects: 100% (3/3), 412 bytes | 412.00 KiB/s, done.
Total 3 (delta 0), reused 0 (delta 0), pack-reused 0
To github.com:edudelearn/Multx.git
 * [new branch]      master -> master
Branch 'master' set up to track remote branch 'master' from 'origin'.
PS D:\Multiple Remotes> git remote -v
origin  git@github.com:edudelearn/Multx.git (fetch)
origin  git@github.com:edudelearn/Multx.git (push)
PS D:\Multiple Remotes> git remote add origin git@github.com:Target-2024/Multiplex.git
error: remote origin already exists.
PS D:\Multiple Remotes> git remote add upstream git@github.com:Target-2024/Multiplex.git
PS D:\Multiple Remotes> git remote -v                                                   
origin  git@github.com:edudelearn/Multx.git (fetch)
origin  git@github.com:edudelearn/Multx.git (push)
upstream        git@github.com:Target-2024/Multiplex.git (fetch)
upstream        git@github.com:Target-2024/Multiplex.git (push)
PS D:\Multiple Remotes> git status
On branch master
Your branch is up to date with 'origin/master'.

nothing to commit, working tree clean
PS D:\Multiple Remotes> git checkout BRANCH
error: pathspec 'BRANCH' did not match any file(s) known to git
PS D:\Multiple Remotes> git checkout upstream
error: pathspec 'upstream' did not match any file(s) known to git
PS D:\Multiple Remotes> git push all master
fatal: 'all' does not appear to be a git repository
fatal: Could not read from remote repository.

Please make sure you have the correct access rights
and the repository exists.
PS D:\Multiple Remotes> git push upstream master
Enumerating objects: 3, done.
Counting objects: 100% (3/3), done.
Delta compression using up to 8 threads
Compressing objects: 100% (2/2), done.
Writing objects: 100% (3/3), 412 bytes | 412.00 KiB/s, done.
Total 3 (delta 0), reused 0 (delta 0), pack-reused 0
To github.com:Target-2024/Multiplex.git
 * [new branch]      master -> master
PS D:\Multiple Remotes> git add .
PS D:\Multiple Remotes> git commit -m "Changes Done"
[master 7855789] Changes Done
 1 file changed, 12 insertions(+)
 create mode 100644 abir.html
PS D:\Multiple Remotes> git push
Enumerating objects: 4, done.
Counting objects: 100% (4/4), done.
Delta compression using up to 8 threads
Compressing objects: 100% (3/3), done.
Writing objects: 100% (3/3), 475 bytes | 475.00 KiB/s, done.
Total 3 (delta 0), reused 0 (delta 0), pack-reused 0
To github.com:edudelearn/Multx.git
   4430e70..7855789  master -> master
PS D:\Multiple Remotes> git push upstream master
Enumerating objects: 4, done.
Counting objects: 100% (4/4), done.
Delta compression using up to 8 threads
Compressing objects: 100% (3/3), done.
Writing objects: 100% (3/3), 475 bytes | 475.00 KiB/s, done.
Total 3 (delta 0), reused 0 (delta 0), pack-reused 0
To github.com:Target-2024/Multiplex.git
   4430e70..7855789  master -> master
PS D:\Multiple Remotes> git pull
Updating 7855789..d793a2e
Fast-forward
 index.html | 3 ++-
 1 file changed, 2 insertions(+), 1 deletion(-)
PS D:\Multiple Remotes> git log
commit d793a2e766c128bd7dda058b8ab6b6321ba66e98 (HEAD -> master, origin/master)
Author: Abir Pal <74393266+Abirpal202049@users.noreply.github.com>
Date:   Mon Jun 27 01:52:34 2022 +0530

    Making some changes to see the changes

commit 78557891f64e97f385b7cd7b4422eb46861e2f6c (upstream/master)
Author: Abir Pal <abirpal282002@gmail.com>
Date:   Mon Jun 27 01:50:15 2022 +0530

    Changes Done

commit 4430e70e495d5f0c0338fd111d23637462ba6781
Author: Abir Pal <abirpal282002@gmail.com>
Date:   Mon Jun 27 01:35:42 2022 +0530

    Initial Commit
PS D:\Multiple Remotes> git pull upstream
remote: Enumerating objects: 5, done.
remote: Counting objects: 100% (5/5), done.
remote: Compressing objects: 100% (3/3), done.
remote: Total 3 (delta 1), reused 0 (delta 0), pack-reused 0
Unpacking objects: 100% (3/3), 719 bytes | 119.00 KiB/s, done.
From github.com:Target-2024/Multiplex
   7855789..89292f0  master     -> upstream/master
You asked to pull from the remote 'upstream', but did not specify
a branch. Because this is not the default configured remote
for your current branch, you must specify a branch on the command line.
PS D:\Multiple Remotes> git pull upstream master
From github.com:Target-2024/Multiplex
 * branch            master     -> FETCH_HEAD
Merge made by the 'recursive' strategy.
 abir.html | 3 ++-
 1 file changed, 2 insertions(+), 1 deletion(-)
PS D:\Multiple Remotes> git log
commit 21632bbfbc6006b0e2b9e34e657ac63561d5136e (HEAD -> master)
Merge: d793a2e 89292f0
Author: Abir Pal <abirpal282002@gmail.com>
Date:   Mon Jun 27 01:55:43 2022 +0530

    Merge branch 'master' of github.com:Target-2024/Multiplex

commit 21632bbfbc6006b0e2b9e34e657ac63561d5136e (HEAD -> master)
Merge: d793a2e 89292f0
Author: Abir Pal <abirpal282002@gmail.com>
Date:   Mon Jun 27 01:55:43 2022 +0530

    Merge branch 'master' of github.com:Target-2024/Multiplex

commit 89292f03f22ab2ecb0733be62e350f8f4e511ad3 (upstream/master)
Author: Abir Pal <74393266+Abirpal202049@users.noreply.github.com>
Date:   Mon Jun 27 01:53:09 2022 +0530

    Hecticcccccccccccccccc

commit d793a2e766c128bd7dda058b8ab6b6321ba66e98 (origin/master)
Author: Abir Pal <74393266+Abirpal202049@users.noreply.github.com>
Date:   Mon Jun 27 01:52:34 2022 +0530
PS D:\Multiple Remotes> git push origin master
Enumerating objects: 9, done.
Counting objects: 100% (8/8), done.
Delta compression using up to 8 threads
Compressing objects: 100% (5/5), done.
Writing objects: 100% (5/5), 1.01 KiB | 519.00 KiB/s, done.
Total 5 (delta 1), reused 0 (delta 0), pack-reused 0
remote: Resolving deltas: 100% (1/1), completed with 1 local object.
To github.com:edudelearn/Multx.git
   d793a2e..21632bb  master -> master
PS D:\Multiple Remotes> git  push upstream master
Enumerating objects: 9, done.
Counting objects: 100% (8/8), done.
Delta compression using up to 8 threads
Compressing objects: 100% (5/5), done.
Writing objects: 100% (5/5), 1.04 KiB | 1.04 MiB/s, done.
Total 5 (delta 1), reused 0 (delta 0), pack-reused 0
remote: Resolving deltas: 100% (1/1), completed with 1 local object.
To github.com:Target-2024/Multiplex.git
   89292f0..21632bb  master -> master
PS D:\Multiple Remotes> git fetch
PS D:\Multiple Remotes> git remote add all git@github.com:Target-2024/Multiplex.git
PS D:\Multiple Remotes> git remote -v
all     git@github.com:Target-2024/Multiplex.git (fetch)
all     git@github.com:Target-2024/Multiplex.git (push)
origin  git@github.com:edudelearn/Multx.git (fetch)
origin  git@github.com:edudelearn/Multx.git (push)
upstream        git@github.com:Target-2024/Multiplex.git (fetch)
upstream        git@github.com:Target-2024/Multiplex.git (push)
PS D:\Multiple Remotes> git remote set-url --add --push all git@github.com:edudelearn/Multx.git
PS D:\Multiple Remotes> git remote set-url --add --push all git@github.com:Target-2024/Multiplex.git
PS D:\Multiple Remotes> git push all master
Everything up-to-date
Everything up-to-date
PS D:\Multiple Remotes> git add .
PS D:\Multiple Remotes> git commit -m "Some Changes made"
[master e4e6f50] Some Changes made
 1 file changed, 0 insertions(+), 0 deletions(-)
 create mode 100644 .txt
PS D:\Multiple Remotes> git push all master
Enumerating objects: 4, done.
Counting objects: 100% (4/4), done.
Delta compression using up to 8 threads
Compressing objects: 100% (2/2), done.
Writing objects: 100% (3/3), 310 bytes | 310.00 KiB/s, done.
Total 3 (delta 0), reused 0 (delta 0), pack-reused 0
To github.com:edudelearn/Multx.git
   21632bb..e4e6f50  master -> master
Enumerating objects: 4, done.
Counting objects: 100% (4/4), done.
Delta compression using up to 8 threads
Compressing objects: 100% (2/2), done.
Writing objects: 100% (3/3), 310 bytes | 310.00 KiB/s, done.
Total 3 (delta 0), reused 0 (delta 0), pack-reused 0
To github.com:Target-2024/Multiplex.git
   21632bb..e4e6f50  master -> master